../Core/Src/main.c:76:6:selectRow	16	static
../Core/Src/main.c:124:9:Keypad_Getkey	8	static
../Core/Src/main.c:151:9:Result	168	static
../Core/Src/main.c:220:6:reverse	32	static
../Core/Src/main.c:233:7:citoa	56	static
../Core/Src/main.c:278:5:main	168	static
../Core/Src/main.c:408:6:SystemClock_Config	80	static
../Core/Src/main.c:450:13:MX_TIM3_Init	32	static
../Core/Src/main.c:495:13:MX_GPIO_Init	48	static
../Core/Src/main.c:540:6:HAL_TIM_PeriodElapsedCallback	16	static
../Core/Src/main.c:553:6:Error_Handler	8	static,ignoring_inline_asm
